2026-08-25 16:34:22 [ERROR] Key not found: report
2026-08-25 16:34:22 [ERROR] Key not found: DebugTotalBlock
2026-08-25 16:34:22 [ERROR] Key not found: DebugCheatFind
2026-08-25 16:34:22 [ERROR] Key not found: EnableBackup
2026-08-25 16:34:22 [ERROR] Key not found: checkBelt
2026-08-25 16:34:22 [ERROR] Key not found: TryRemoveBeltNotKill
2026-08-25 16:34:22 [ERROR] Key not found: TryRemoveFluidTankNotKill
2026-08-25 16:34:22 [ERROR] Key not found: fixQuarkLavaFluidloggedDuplication
2026-08-25 16:34:22 [ERROR] Key not found: blockRadialWrenchMenuPacket
2026-08-25 16:34:22 [ERROR] Key not found: maxBeltCheatLimit
2026-08-25 16:34:22 [ERROR] Key not found: maxConveyorCheatDistanceLimit
2026-08-25 16:34:22 [ERROR] Key not found: maxConveyorCheatLimit
2026-08-25 16:34:22 [ERROR] Key not found: maxConveyorAllowDegree
2026-08-25 16:34:22 [ERROR] Key not found: enableManualConfig
2026-08-25 16:34:22 [ERROR] Key not found: report
2026-08-25 16:34:22 [ERROR] Key not found: DebugTotalBlock
2026-08-25 16:34:22 [ERROR] Key not found: DebugCheatFind
2026-08-25 16:34:22 [ERROR] Key not found: EnableBackup
2026-08-25 16:34:22 [ERROR] Key not found: checkBelt
2026-08-25 16:34:22 [ERROR] Key not found: TryRemoveBeltNotKill
2026-08-25 16:34:22 [ERROR] Key not found: TryRemoveFluidTankNotKill
2026-08-25 16:34:22 [ERROR] Key not found: fixQuarkLavaFluidloggedDuplication
2026-08-25 16:34:22 [ERROR] Key not found: blockRadialWrenchMenuPacket
2026-08-25 16:34:22 [ERROR] Key not found: maxBeltCheatLimit
2026-08-25 16:34:22 [ERROR] Key not found: maxConveyorCheatDistanceLimit
2026-08-25 16:34:22 [ERROR] Key not found: maxConveyorCheatLimit
2026-08-25 16:34:22 [ERROR] Key not found: maxConveyorAllowDegree
2026-08-25 16:34:22 [ERROR] Key not found: enableManualConfig
2026-08-25 16:34:22 [ERROR] Key not found: report
2026-08-25 16:38:41 [ERROR] Key not found: report
2026-08-25 16:38:41 [ERROR] Key not found: DebugTotalBlock
2026-08-25 16:38:41 [ERROR] Key not found: DebugCheatFind
2026-08-25 16:38:41 [ERROR] Key not found: EnableBackup
2026-08-25 16:38:41 [ERROR] Key not found: checkBelt
2026-08-25 16:38:41 [ERROR] Key not found: TryRemoveBeltNotKill
2026-08-25 16:38:41 [ERROR] Key not found: TryRemoveFluidTankNotKill
2026-08-25 16:38:41 [ERROR] Key not found: fixQuarkLavaFluidloggedDuplication
2026-08-25 16:38:41 [ERROR] Key not found: blockRadialWrenchMenuPacket
2026-08-25 16:38:41 [ERROR] Key not found: maxBeltCheatLimit
2026-08-25 16:38:41 [ERROR] Key not found: maxConveyorCheatDistanceLimit
2026-08-25 16:38:41 [ERROR] Key not found: maxConveyorCheatLimit
2026-08-25 16:38:41 [ERROR] Key not found: maxConveyorAllowDegree
2026-08-25 16:38:41 [ERROR] Key not found: enableManualConfig
2026-08-25 16:38:41 [ERROR] Key not found: report
2026-08-25 16:38:41 [ERROR] Key not found: DebugTotalBlock
2026-08-25 16:38:41 [ERROR] Key not found: DebugCheatFind
2026-08-25 16:38:41 [ERROR] Key not found: EnableBackup
2026-08-25 16:38:41 [ERROR] Key not found: checkBelt
2026-08-25 16:38:41 [ERROR] Key not found: TryRemoveBeltNotKill
2026-08-25 16:38:41 [ERROR] Key not found: TryRemoveFluidTankNotKill
2026-08-25 16:38:41 [ERROR] Key not found: fixQuarkLavaFluidloggedDuplication
2026-08-25 16:38:41 [ERROR] Key not found: blockRadialWrenchMenuPacket
2026-08-25 16:38:41 [ERROR] Key not found: maxBeltCheatLimit
2026-08-25 16:38:41 [ERROR] Key not found: maxConveyorCheatDistanceLimit
2026-08-25 16:38:41 [ERROR] Key not found: maxConveyorCheatLimit
2026-08-25 16:38:41 [ERROR] Key not found: maxConveyorAllowDegree
2026-08-25 16:38:41 [ERROR] Key not found: enableManualConfig
2026-08-25 16:38:41 [ERROR] Key not found: report
2026-08-25 19:43:52 [ERROR] Key not found: report
2026-08-25 19:43:52 [ERROR] Key not found: DebugTotalBlock
2026-08-25 19:43:52 [ERROR] Key not found: DebugCheatFind
2026-08-25 19:43:52 [ERROR] Key not found: EnableBackup
2026-08-25 19:43:52 [ERROR] Key not found: checkBelt
2026-08-25 19:43:52 [ERROR] Key not found: TryRemoveBeltNotKill
2026-08-25 19:43:52 [ERROR] Key not found: TryRemoveFluidTankNotKill
2026-08-25 19:43:52 [ERROR] Key not found: fixQuarkLavaFluidloggedDuplication
2026-08-25 19:43:52 [ERROR] Key not found: blockRadialWrenchMenuPacket
2026-08-25 19:43:52 [ERROR] Key not found: maxBeltCheatLimit
2026-08-25 19:43:52 [ERROR] Key not found: maxConveyorCheatDistanceLimit
2026-08-25 19:43:52 [ERROR] Key not found: maxConveyorCheatLimit
2026-08-25 19:43:52 [ERROR] Key not found: maxConveyorAllowDegree
2026-08-25 19:43:52 [ERROR] Key not found: enableManualConfig
2026-08-25 19:43:52 [ERROR] Key not found: report
2026-08-25 19:43:52 [ERROR] Key not found: DebugTotalBlock
2026-08-25 19:43:52 [ERROR] Key not found: DebugCheatFind
2026-08-25 19:43:52 [ERROR] Key not found: EnableBackup
2026-08-25 19:43:52 [ERROR] Key not found: checkBelt
2026-08-25 19:43:52 [ERROR] Key not found: TryRemoveBeltNotKill
2026-08-25 19:43:52 [ERROR] Key not found: TryRemoveFluidTankNotKill
2026-08-25 19:43:52 [ERROR] Key not found: fixQuarkLavaFluidloggedDuplication
2026-08-25 19:43:52 [ERROR] Key not found: blockRadialWrenchMenuPacket
2026-08-25 19:43:52 [ERROR] Key not found: maxBeltCheatLimit
2026-08-25 19:43:52 [ERROR] Key not found: maxConveyorCheatDistanceLimit
2026-08-25 19:43:52 [ERROR] Key not found: maxConveyorCheatLimit
2026-08-25 19:43:52 [ERROR] Key not found: maxConveyorAllowDegree
2026-08-25 19:43:52 [ERROR] Key not found: enableManualConfig
2026-08-25 19:43:52 [ERROR] Key not found: report
2026-08-26 08:06:29 [WARN] [CSC] Old config.toml archived to E:\TFCR4.1\yoiuxi\.minecraft\versions\4.1.21beta\config\CSC\config_old_2026_08_26_08_06_29.toml because ConfigVersion changed from 2.27.43 to 2.27.45
