2026-08-25 16:34:22 [ERROR] Key not found: report
2026-08-25 16:34:22 [ERROR] Key not found: DebugTotalBlock
2026-08-25 16:34:22 [ERROR] Key not found: DebugCheatFind
2026-08-25 16:34:22 [ERROR] Key not found: EnableBackup
2026-08-25 16:34:22 [ERROR] Key not found: checkBelt
2026-08-25 16:34:22 [ERROR] Key not found: TryRemoveBeltNotKill
2026-08-25 16:34:22 [ERROR] Key not found: TryRemoveFluidTankNotKill
2026-08-25 16:34:22 [ERROR] Key not found: fixQuarkLavaFluidloggedDuplication
2026-08-25 16:34:22 [ERROR] Key not found: blockRadialWrenchMenuPacket
2026-08-25 16:34:22 [ERROR] Key not found: maxBeltCheatLimit
2026-08-25 16:34:22 [ERROR] Key not found: maxConveyorCheatDistanceLimit
2026-08-25 16:34:22 [ERROR] Key not found: maxConveyorCheatLimit
2026-08-25 16:34:22 [ERROR] Key not found: maxConveyorAllowDegree
2026-08-25 16:34:22 [ERROR] Key not found: enableManualConfig
2026-08-25 16:34:22 [ERROR] Key not found: report
2026-08-25 16:34:22 [INFO]  加载配置中。。   加载完毕！
2026-08-25 16:34:22 [ERROR] Key not found: DebugTotalBlock
2026-08-25 16:34:22 [ERROR] Key not found: DebugCheatFind
2026-08-25 16:34:22 [ERROR] Key not found: EnableBackup
2026-08-25 16:34:22 [ERROR] Key not found: checkBelt
2026-08-25 16:34:22 [ERROR] Key not found: TryRemoveBeltNotKill
2026-08-25 16:34:22 [ERROR] Key not found: TryRemoveFluidTankNotKill
2026-08-25 16:34:22 [ERROR] Key not found: fixQuarkLavaFluidloggedDuplication
2026-08-25 16:34:22 [ERROR] Key not found: blockRadialWrenchMenuPacket
2026-08-25 16:34:22 [ERROR] Key not found: maxBeltCheatLimit
2026-08-25 16:34:22 [ERROR] Key not found: maxConveyorCheatDistanceLimit
2026-08-25 16:34:22 [ERROR] Key not found: maxConveyorCheatLimit
2026-08-25 16:34:22 [ERROR] Key not found: maxConveyorAllowDegree
2026-08-25 16:34:22 [ERROR] Key not found: enableManualConfig
2026-08-25 16:34:22 [ERROR] Key not found: report
2026-08-25 16:38:41 [ERROR] Key not found: report
2026-08-25 16:38:41 [ERROR] Key not found: DebugTotalBlock
2026-08-25 16:38:41 [ERROR] Key not found: DebugCheatFind
2026-08-25 16:38:41 [ERROR] Key not found: EnableBackup
2026-08-25 16:38:41 [ERROR] Key not found: checkBelt
2026-08-25 16:38:41 [ERROR] Key not found: TryRemoveBeltNotKill
2026-08-25 16:38:41 [ERROR] Key not found: TryRemoveFluidTankNotKill
2026-08-25 16:38:41 [ERROR] Key not found: fixQuarkLavaFluidloggedDuplication
2026-08-25 16:38:41 [ERROR] Key not found: blockRadialWrenchMenuPacket
2026-08-25 16:38:41 [ERROR] Key not found: maxBeltCheatLimit
2026-08-25 16:38:41 [ERROR] Key not found: maxConveyorCheatDistanceLimit
2026-08-25 16:38:41 [ERROR] Key not found: maxConveyorCheatLimit
2026-08-25 16:38:41 [ERROR] Key not found: maxConveyorAllowDegree
2026-08-25 16:38:41 [ERROR] Key not found: enableManualConfig
2026-08-25 16:38:41 [ERROR] Key not found: report
2026-08-25 16:38:41 [INFO]  加载配置中。。   加载完毕！
2026-08-25 16:38:41 [ERROR] Key not found: DebugTotalBlock
2026-08-25 16:38:41 [ERROR] Key not found: DebugCheatFind
2026-08-25 16:38:41 [ERROR] Key not found: EnableBackup
2026-08-25 16:38:41 [ERROR] Key not found: checkBelt
2026-08-25 16:38:41 [ERROR] Key not found: TryRemoveBeltNotKill
2026-08-25 16:38:41 [ERROR] Key not found: TryRemoveFluidTankNotKill
2026-08-25 16:38:41 [ERROR] Key not found: fixQuarkLavaFluidloggedDuplication
2026-08-25 16:38:41 [ERROR] Key not found: blockRadialWrenchMenuPacket
2026-08-25 16:38:41 [ERROR] Key not found: maxBeltCheatLimit
2026-08-25 16:38:41 [ERROR] Key not found: maxConveyorCheatDistanceLimit
2026-08-25 16:38:41 [ERROR] Key not found: maxConveyorCheatLimit
2026-08-25 16:38:41 [ERROR] Key not found: maxConveyorAllowDegree
2026-08-25 16:38:41 [ERROR] Key not found: enableManualConfig
2026-08-25 16:38:41 [ERROR] Key not found: report
2026-08-25 19:43:52 [ERROR] Key not found: report
2026-08-25 19:43:52 [ERROR] Key not found: DebugTotalBlock
2026-08-25 19:43:52 [ERROR] Key not found: DebugCheatFind
2026-08-25 19:43:52 [ERROR] Key not found: EnableBackup
2026-08-25 19:43:52 [ERROR] Key not found: checkBelt
2026-08-25 19:43:52 [ERROR] Key not found: TryRemoveBeltNotKill
2026-08-25 19:43:52 [ERROR] Key not found: TryRemoveFluidTankNotKill
2026-08-25 19:43:52 [ERROR] Key not found: fixQuarkLavaFluidloggedDuplication
2026-08-25 19:43:52 [ERROR] Key not found: blockRadialWrenchMenuPacket
2026-08-25 19:43:52 [ERROR] Key not found: maxBeltCheatLimit
2026-08-25 19:43:52 [ERROR] Key not found: maxConveyorCheatDistanceLimit
2026-08-25 19:43:52 [ERROR] Key not found: maxConveyorCheatLimit
2026-08-25 19:43:52 [ERROR] Key not found: maxConveyorAllowDegree
2026-08-25 19:43:52 [ERROR] Key not found: enableManualConfig
2026-08-25 19:43:52 [ERROR] Key not found: report
2026-08-25 19:43:52 [INFO]  加载配置中。。   加载完毕！
2026-08-25 19:43:52 [ERROR] Key not found: DebugTotalBlock
2026-08-25 19:43:52 [ERROR] Key not found: DebugCheatFind
2026-08-25 19:43:52 [ERROR] Key not found: EnableBackup
2026-08-25 19:43:52 [ERROR] Key not found: checkBelt
2026-08-25 19:43:52 [ERROR] Key not found: TryRemoveBeltNotKill
2026-08-25 19:43:52 [ERROR] Key not found: TryRemoveFluidTankNotKill
2026-08-25 19:43:52 [ERROR] Key not found: fixQuarkLavaFluidloggedDuplication
2026-08-25 19:43:52 [ERROR] Key not found: blockRadialWrenchMenuPacket
2026-08-25 19:43:52 [ERROR] Key not found: maxBeltCheatLimit
2026-08-25 19:43:52 [ERROR] Key not found: maxConveyorCheatDistanceLimit
2026-08-25 19:43:52 [ERROR] Key not found: maxConveyorCheatLimit
2026-08-25 19:43:52 [ERROR] Key not found: maxConveyorAllowDegree
2026-08-25 19:43:52 [ERROR] Key not found: enableManualConfig
2026-08-25 19:43:52 [ERROR] Key not found: report
2026-08-26 08:06:29 [WARN] [CSC] Old config.toml archived to E:\TFCR4.1\yoiuxi\.minecraft\versions\4.1.21beta\config\CSC\config_old_2026_08_26_08_06_29.toml because ConfigVersion changed from 2.27.43 to 2.27.45
2026-08-26 08:06:29 [INFO]  加载配置中。。   加载完毕！
2026-08-26 08:15:03 [INFO]    _____  _____  _____ 
2026-08-26 08:15:03 [INFO]   / ____|/ ____|/ ____|
2026-08-26 08:15:03 [INFO]  | |    | (___ | |        [CSC]   版本: v2.27.45
2026-08-26 08:15:03 [INFO]  | |     \___ \| |        Minecraft 版本: 1.21.1 neoforge
2026-08-26 08:15:03 [INFO]  | |____ ____) | |____    问题/反馈: QQ: 1061133894 | Discord: https://discord.gg/rQV5JPauY7
2026-08-26 08:15:03 [INFO]   \_____|_____/ \_____|
2026-08-26 08:15:03 [INFO]                        
2026-08-26 08:15:03 [INFO] 安全提示：模组 id 白名单模式已开启。此功能会限制不在白名单中的 mod 方块打印，用于降低未知 mod 引入蓝图漏洞的风险。
如果管理员已知晓此安全提示，可使用命令关闭提示：/csc notice whitelistid off
控制模组 id 白名单模式：/csc mode whitelistid on|off
可以打开 config/CSC/config.toml 进行更详细的配置。
2026-08-26 08:21:36 [INFO] CSC 已经安全关闭，感谢使用喵~
2026-08-26 08:52:35 [INFO]  加载配置中。。   加载完毕！
2026-08-26 09:07:21 [INFO]  加载配置中。。   加载完毕！
2026-08-26 09:11:05 [INFO]    _____  _____  _____ 
2026-08-26 09:11:05 [INFO]   / ____|/ ____|/ ____|
2026-08-26 09:11:05 [INFO]  | |    | (___ | |        [CSC]   版本: v2.27.45
2026-08-26 09:11:05 [INFO]  | |     \___ \| |        Minecraft 版本: 1.21.1 neoforge
2026-08-26 09:11:05 [INFO]  | |____ ____) | |____    问题/反馈: QQ: 1061133894 | Discord: https://discord.gg/rQV5JPauY7
2026-08-26 09:11:05 [INFO]   \_____|_____/ \_____|
2026-08-26 09:11:05 [INFO]                        
2026-08-26 09:11:05 [INFO] 安全提示：模组 id 白名单模式已开启。此功能会限制不在白名单中的 mod 方块打印，用于降低未知 mod 引入蓝图漏洞的风险。
如果管理员已知晓此安全提示，可使用命令关闭提示：/csc notice whitelistid off
控制模组 id 白名单模式：/csc mode whitelistid on|off
可以打开 config/CSC/config.toml 进行更详细的配置。
2026-08-26 09:11:56 [INFO] CSC 已经安全关闭，感谢使用喵~
2026-08-26 09:12:28 [INFO]    _____  _____  _____ 
2026-08-26 09:12:28 [INFO]   / ____|/ ____|/ ____|
2026-08-26 09:12:28 [INFO]  | |    | (___ | |        [CSC]   版本: v2.27.45
2026-08-26 09:12:28 [INFO]  | |     \___ \| |        Minecraft 版本: 1.21.1 neoforge
2026-08-26 09:12:28 [INFO]  | |____ ____) | |____    问题/反馈: QQ: 1061133894 | Discord: https://discord.gg/rQV5JPauY7
2026-08-26 09:12:28 [INFO]   \_____|_____/ \_____|
2026-08-26 09:12:28 [INFO]                        
2026-08-26 09:12:28 [INFO] 安全提示：模组 id 白名单模式已开启。此功能会限制不在白名单中的 mod 方块打印，用于降低未知 mod 引入蓝图漏洞的风险。
如果管理员已知晓此安全提示，可使用命令关闭提示：/csc notice whitelistid off
控制模组 id 白名单模式：/csc mode whitelistid on|off
可以打开 config/CSC/config.toml 进行更详细的配置。
2026-08-26 09:13:07 [INFO] CSC 已经安全关闭，感谢使用喵~
2026-08-26 09:25:38 [INFO]  加载配置中。。   加载完毕！
2026-08-26 09:27:50 [INFO]    _____  _____  _____ 
2026-08-26 09:27:50 [INFO]   / ____|/ ____|/ ____|
2026-08-26 09:27:50 [INFO]  | |    | (___ | |        [CSC]   版本: v2.27.45
2026-08-26 09:27:50 [INFO]  | |     \___ \| |        Minecraft 版本: 1.21.1 neoforge
2026-08-26 09:27:50 [INFO]  | |____ ____) | |____    问题/反馈: QQ: 1061133894 | Discord: https://discord.gg/rQV5JPauY7
2026-08-26 09:27:50 [INFO]   \_____|_____/ \_____|
2026-08-26 09:27:50 [INFO]                        
2026-08-26 09:27:50 [INFO] 安全提示：模组 id 白名单模式已开启。此功能会限制不在白名单中的 mod 方块打印，用于降低未知 mod 引入蓝图漏洞的风险。
如果管理员已知晓此安全提示，可使用命令关闭提示：/csc notice whitelistid off
控制模组 id 白名单模式：/csc mode whitelistid on|off
可以打开 config/CSC/config.toml 进行更详细的配置。
2026-08-26 09:29:34 [INFO] CSC 已经安全关闭，感谢使用喵~
2026-08-26 09:53:49 [INFO]  加载配置中。。   加载完毕！
2026-08-26 10:00:52 [INFO]    _____  _____  _____ 
2026-08-26 10:00:52 [INFO]   / ____|/ ____|/ ____|
2026-08-26 10:00:52 [INFO]  | |    | (___ | |        [CSC]   版本: v2.27.45
2026-08-26 10:00:52 [INFO]  | |     \___ \| |        Minecraft 版本: 1.21.1 neoforge
2026-08-26 10:00:52 [INFO]  | |____ ____) | |____    问题/反馈: QQ: 1061133894 | Discord: https://discord.gg/rQV5JPauY7
2026-08-26 10:00:52 [INFO]   \_____|_____/ \_____|
2026-08-26 10:00:52 [INFO]                        
2026-08-26 10:00:52 [INFO] 安全提示：模组 id 白名单模式已开启。此功能会限制不在白名单中的 mod 方块打印，用于降低未知 mod 引入蓝图漏洞的风险。
如果管理员已知晓此安全提示，可使用命令关闭提示：/csc notice whitelistid off
控制模组 id 白名单模式：/csc mode whitelistid on|off
可以打开 config/CSC/config.toml 进行更详细的配置。
2026-08-26 10:02:08 [INFO] CSC 已经安全关闭，感谢使用喵~
2026-08-26 12:45:47 [INFO]  加载配置中。。   加载完毕！
2026-08-26 12:47:01 [INFO]    _____  _____  _____ 
2026-08-26 12:47:01 [INFO]   / ____|/ ____|/ ____|
2026-08-26 12:47:01 [INFO]  | |    | (___ | |        [CSC]   版本: v2.27.45
2026-08-26 12:47:01 [INFO]  | |     \___ \| |        Minecraft 版本: 1.21.1 neoforge
2026-08-26 12:47:01 [INFO]  | |____ ____) | |____    问题/反馈: QQ: 1061133894 | Discord: https://discord.gg/rQV5JPauY7
2026-08-26 12:47:01 [INFO]   \_____|_____/ \_____|
2026-08-26 12:47:01 [INFO]                        
2026-08-26 12:47:01 [INFO] 安全提示：模组 id 白名单模式已开启。此功能会限制不在白名单中的 mod 方块打印，用于降低未知 mod 引入蓝图漏洞的风险。
如果管理员已知晓此安全提示，可使用命令关闭提示：/csc notice whitelistid off
控制模组 id 白名单模式：/csc mode whitelistid on|off
可以打开 config/CSC/config.toml 进行更详细的配置。
2026-08-26 12:49:44 [INFO] CSC 已经安全关闭，感谢使用喵~
2026-08-26 12:51:09 [INFO]  加载配置中。。   加载完毕！
2026-08-26 14:36:31 [INFO]  加载配置中。。   加载完毕！
2026-08-26 14:52:05 [INFO]    _____  _____  _____ 
2026-08-26 14:52:05 [INFO]   / ____|/ ____|/ ____|
2026-08-26 14:52:05 [INFO]  | |    | (___ | |        [CSC]   版本: v2.27.45
2026-08-26 14:52:05 [INFO]  | |     \___ \| |        Minecraft 版本: 1.21.1 neoforge
2026-08-26 14:52:05 [INFO]  | |____ ____) | |____    问题/反馈: QQ: 1061133894 | Discord: https://discord.gg/rQV5JPauY7
2026-08-26 14:52:05 [INFO]   \_____|_____/ \_____|
2026-08-26 14:52:05 [INFO]                        
2026-08-26 14:52:05 [INFO] 安全提示：模组 id 白名单模式已开启。此功能会限制不在白名单中的 mod 方块打印，用于降低未知 mod 引入蓝图漏洞的风险。
如果管理员已知晓此安全提示，可使用命令关闭提示：/csc notice whitelistid off
控制模组 id 白名单模式：/csc mode whitelistid on|off
可以打开 config/CSC/config.toml 进行更详细的配置。
2026-08-26 14:58:59 [INFO] CSC 已经安全关闭，感谢使用喵~
2026-08-26 15:31:27 [INFO]  加载配置中。。   加载完毕！
2026-08-26 15:32:56 [INFO]    _____  _____  _____ 
2026-08-26 15:32:56 [INFO]   / ____|/ ____|/ ____|
2026-08-26 15:32:56 [INFO]  | |    | (___ | |        [CSC]   版本: v2.27.45
2026-08-26 15:32:56 [INFO]  | |     \___ \| |        Minecraft 版本: 1.21.1 neoforge
2026-08-26 15:32:56 [INFO]  | |____ ____) | |____    问题/反馈: QQ: 1061133894 | Discord: https://discord.gg/rQV5JPauY7
2026-08-26 15:32:56 [INFO]   \_____|_____/ \_____|
2026-08-26 15:32:56 [INFO]                        
2026-08-26 15:32:56 [INFO] 安全提示：模组 id 白名单模式已开启。此功能会限制不在白名单中的 mod 方块打印，用于降低未知 mod 引入蓝图漏洞的风险。
如果管理员已知晓此安全提示，可使用命令关闭提示：/csc notice whitelistid off
控制模组 id 白名单模式：/csc mode whitelistid on|off
可以打开 config/CSC/config.toml 进行更详细的配置。
2026-08-26 15:35:46 [INFO] CSC 已经安全关闭，感谢使用喵~
2026-08-26 15:51:47 [INFO]  加载配置中。。   加载完毕！
2026-08-26 15:53:08 [INFO]    _____  _____  _____ 
2026-08-26 15:53:08 [INFO]   / ____|/ ____|/ ____|
2026-08-26 15:53:08 [INFO]  | |    | (___ | |        [CSC]   版本: v2.27.45
2026-08-26 15:53:08 [INFO]  | |     \___ \| |        Minecraft 版本: 1.21.1 neoforge
2026-08-26 15:53:08 [INFO]  | |____ ____) | |____    问题/反馈: QQ: 1061133894 | Discord: https://discord.gg/rQV5JPauY7
2026-08-26 15:53:08 [INFO]   \_____|_____/ \_____|
2026-08-26 15:53:08 [INFO]                        
2026-08-26 15:53:08 [INFO] 安全提示：模组 id 白名单模式已开启。此功能会限制不在白名单中的 mod 方块打印，用于降低未知 mod 引入蓝图漏洞的风险。
如果管理员已知晓此安全提示，可使用命令关闭提示：/csc notice whitelistid off
控制模组 id 白名单模式：/csc mode whitelistid on|off
可以打开 config/CSC/config.toml 进行更详细的配置。
2026-08-26 15:55:30 [INFO] CSC 已经安全关闭，感谢使用喵~
2026-08-26 16:01:50 [INFO]  加载配置中。。   加载完毕！
2026-08-26 16:02:40 [INFO]    _____  _____  _____ 
2026-08-26 16:02:40 [INFO]   / ____|/ ____|/ ____|
2026-08-26 16:02:40 [INFO]  | |    | (___ | |        [CSC]   版本: v2.27.45
2026-08-26 16:02:40 [INFO]  | |     \___ \| |        Minecraft 版本: 1.21.1 neoforge
2026-08-26 16:02:40 [INFO]  | |____ ____) | |____    问题/反馈: QQ: 1061133894 | Discord: https://discord.gg/rQV5JPauY7
2026-08-26 16:02:40 [INFO]   \_____|_____/ \_____|
2026-08-26 16:02:40 [INFO]                        
2026-08-26 16:02:40 [INFO] 安全提示：模组 id 白名单模式已开启。此功能会限制不在白名单中的 mod 方块打印，用于降低未知 mod 引入蓝图漏洞的风险。
如果管理员已知晓此安全提示，可使用命令关闭提示：/csc notice whitelistid off
控制模组 id 白名单模式：/csc mode whitelistid on|off
可以打开 config/CSC/config.toml 进行更详细的配置。
2026-08-26 16:11:41 [INFO] CSC 已经安全关闭，感谢使用喵~
2026-08-26 20:12:10 [INFO]  加载配置中。。   加载完毕！
2026-08-26 20:14:38 [INFO]    _____  _____  _____ 
2026-08-26 20:14:38 [INFO]   / ____|/ ____|/ ____|
2026-08-26 20:14:38 [INFO]  | |    | (___ | |        [CSC]   版本: v2.27.45
2026-08-26 20:14:38 [INFO]  | |     \___ \| |        Minecraft 版本: 1.21.1 neoforge
2026-08-26 20:14:38 [INFO]  | |____ ____) | |____    问题/反馈: QQ: 1061133894 | Discord: https://discord.gg/rQV5JPauY7
2026-08-26 20:14:38 [INFO]   \_____|_____/ \_____|
2026-08-26 20:14:38 [INFO]                        
2026-08-26 20:14:38 [INFO] 安全提示：模组 id 白名单模式已开启。此功能会限制不在白名单中的 mod 方块打印，用于降低未知 mod 引入蓝图漏洞的风险。
如果管理员已知晓此安全提示，可使用命令关闭提示：/csc notice whitelistid off
控制模组 id 白名单模式：/csc mode whitelistid on|off
可以打开 config/CSC/config.toml 进行更详细的配置。
2026-08-26 20:16:46 [INFO] CSC 已经安全关闭，感谢使用喵~
2026-08-26 20:17:30 [INFO]    _____  _____  _____ 
2026-08-26 20:17:30 [INFO]   / ____|/ ____|/ ____|
2026-08-26 20:17:30 [INFO]  | |    | (___ | |        [CSC]   版本: v2.27.45
2026-08-26 20:17:30 [INFO]  | |     \___ \| |        Minecraft 版本: 1.21.1 neoforge
2026-08-26 20:17:30 [INFO]  | |____ ____) | |____    问题/反馈: QQ: 1061133894 | Discord: https://discord.gg/rQV5JPauY7
2026-08-26 20:17:30 [INFO]   \_____|_____/ \_____|
2026-08-26 20:17:30 [INFO]                        
2026-08-26 20:17:30 [INFO] 安全提示：模组 id 白名单模式已开启。此功能会限制不在白名单中的 mod 方块打印，用于降低未知 mod 引入蓝图漏洞的风险。
如果管理员已知晓此安全提示，可使用命令关闭提示：/csc notice whitelistid off
控制模组 id 白名单模式：/csc mode whitelistid on|off
可以打开 config/CSC/config.toml 进行更详细的配置。
2026-08-26 20:18:01 [INFO] CSC 已经安全关闭，感谢使用喵~
2026-08-27 07:42:52 [INFO]  加载配置中。。   加载完毕！
2026-08-27 07:44:00 [INFO]    _____  _____  _____ 
2026-08-27 07:44:00 [INFO]   / ____|/ ____|/ ____|
2026-08-27 07:44:00 [INFO]  | |    | (___ | |        [CSC]   版本: v2.27.45
2026-08-27 07:44:00 [INFO]  | |     \___ \| |        Minecraft 版本: 1.21.1 neoforge
2026-08-27 07:44:00 [INFO]  | |____ ____) | |____    问题/反馈: QQ: 1061133894 | Discord: https://discord.gg/rQV5JPauY7
2026-08-27 07:44:00 [INFO]   \_____|_____/ \_____|
2026-08-27 07:44:00 [INFO]                        
2026-08-27 07:44:00 [INFO] 安全提示：模组 id 白名单模式已开启。此功能会限制不在白名单中的 mod 方块打印，用于降低未知 mod 引入蓝图漏洞的风险。
如果管理员已知晓此安全提示，可使用命令关闭提示：/csc notice whitelistid off
控制模组 id 白名单模式：/csc mode whitelistid on|off
可以打开 config/CSC/config.toml 进行更详细的配置。
2026-08-27 07:57:56 [INFO] CSC 已经安全关闭，感谢使用喵~
2026-08-27 09:06:54 [INFO]  加载配置中。。   加载完毕！
2026-08-27 09:29:28 [INFO]  加载配置中。。   加载完毕！
2026-08-27 09:30:51 [INFO]    _____  _____  _____ 
2026-08-27 09:30:51 [INFO]   / ____|/ ____|/ ____|
2026-08-27 09:30:51 [INFO]  | |    | (___ | |        [CSC]   版本: v2.27.45
2026-08-27 09:30:51 [INFO]  | |     \___ \| |        Minecraft 版本: 1.21.1 neoforge
2026-08-27 09:30:51 [INFO]  | |____ ____) | |____    问题/反馈: QQ: 1061133894 | Discord: https://discord.gg/rQV5JPauY7
2026-08-27 09:30:51 [INFO]   \_____|_____/ \_____|
2026-08-27 09:30:51 [INFO]                        
2026-08-27 09:30:51 [INFO] 安全提示：模组 id 白名单模式已开启。此功能会限制不在白名单中的 mod 方块打印，用于降低未知 mod 引入蓝图漏洞的风险。
如果管理员已知晓此安全提示，可使用命令关闭提示：/csc notice whitelistid off
控制模组 id 白名单模式：/csc mode whitelistid on|off
可以打开 config/CSC/config.toml 进行更详细的配置。
2026-08-27 09:31:48 [INFO] CSC 已经安全关闭，感谢使用喵~
2026-08-27 09:42:18 [INFO]  加载配置中。。   加载完毕！
2026-08-27 09:44:31 [INFO]    _____  _____  _____ 
2026-08-27 09:44:31 [INFO]   / ____|/ ____|/ ____|
2026-08-27 09:44:31 [INFO]  | |    | (___ | |        [CSC]   版本: v2.27.45
2026-08-27 09:44:31 [INFO]  | |     \___ \| |        Minecraft 版本: 1.21.1 neoforge
2026-08-27 09:44:31 [INFO]  | |____ ____) | |____    问题/反馈: QQ: 1061133894 | Discord: https://discord.gg/rQV5JPauY7
2026-08-27 09:44:31 [INFO]   \_____|_____/ \_____|
2026-08-27 09:44:31 [INFO]                        
2026-08-27 09:44:31 [INFO] 安全提示：模组 id 白名单模式已开启。此功能会限制不在白名单中的 mod 方块打印，用于降低未知 mod 引入蓝图漏洞的风险。
如果管理员已知晓此安全提示，可使用命令关闭提示：/csc notice whitelistid off
控制模组 id 白名单模式：/csc mode whitelistid on|off
可以打开 config/CSC/config.toml 进行更详细的配置。
2026-08-27 09:50:11 [INFO] CSC 已经安全关闭，感谢使用喵~
2026-08-27 10:04:47 [INFO]  加载配置中。。   加载完毕！
2026-08-27 11:37:53 [INFO]  加载配置中。。   加载完毕！
2026-08-27 11:49:20 [INFO]  加载配置中。。   加载完毕！
2026-08-27 12:12:16 [INFO]  加载配置中。。   加载完毕！
2026-08-27 12:23:28 [INFO]    _____  _____  _____ 
2026-08-27 12:23:28 [INFO]   / ____|/ ____|/ ____|
2026-08-27 12:23:28 [INFO]  | |    | (___ | |        [CSC]   版本: v2.27.45
2026-08-27 12:23:28 [INFO]  | |     \___ \| |        Minecraft 版本: 1.21.1 neoforge
2026-08-27 12:23:28 [INFO]  | |____ ____) | |____    问题/反馈: QQ: 1061133894 | Discord: https://discord.gg/rQV5JPauY7
2026-08-27 12:23:28 [INFO]   \_____|_____/ \_____|
2026-08-27 12:23:28 [INFO]                        
2026-08-27 12:23:28 [INFO] 安全提示：模组 id 白名单模式已开启。此功能会限制不在白名单中的 mod 方块打印，用于降低未知 mod 引入蓝图漏洞的风险。
如果管理员已知晓此安全提示，可使用命令关闭提示：/csc notice whitelistid off
控制模组 id 白名单模式：/csc mode whitelistid on|off
可以打开 config/CSC/config.toml 进行更详细的配置。
2026-08-27 12:24:45 [INFO] CSC 已经安全关闭，感谢使用喵~
2026-08-27 12:25:33 [INFO]    _____  _____  _____ 
2026-08-27 12:25:33 [INFO]   / ____|/ ____|/ ____|
2026-08-27 12:25:33 [INFO]  | |    | (___ | |        [CSC]   版本: v2.27.45
2026-08-27 12:25:33 [INFO]  | |     \___ \| |        Minecraft 版本: 1.21.1 neoforge
2026-08-27 12:25:33 [INFO]  | |____ ____) | |____    问题/反馈: QQ: 1061133894 | Discord: https://discord.gg/rQV5JPauY7
2026-08-27 12:25:33 [INFO]   \_____|_____/ \_____|
2026-08-27 12:25:33 [INFO]                        
2026-08-27 12:25:33 [INFO] 安全提示：模组 id 白名单模式已开启。此功能会限制不在白名单中的 mod 方块打印，用于降低未知 mod 引入蓝图漏洞的风险。
如果管理员已知晓此安全提示，可使用命令关闭提示：/csc notice whitelistid off
控制模组 id 白名单模式：/csc mode whitelistid on|off
可以打开 config/CSC/config.toml 进行更详细的配置。
2026-08-27 12:42:06 [INFO] CSC 已经安全关闭，感谢使用喵~
2026-08-27 13:07:33 [INFO]  加载配置中。。   加载完毕！
2026-08-27 13:08:48 [INFO]    _____  _____  _____ 
2026-08-27 13:08:48 [INFO]   / ____|/ ____|/ ____|
2026-08-27 13:08:48 [INFO]  | |    | (___ | |        [CSC]   版本: v2.27.45
2026-08-27 13:08:48 [INFO]  | |     \___ \| |        Minecraft 版本: 1.21.1 neoforge
2026-08-27 13:08:48 [INFO]  | |____ ____) | |____    问题/反馈: QQ: 1061133894 | Discord: https://discord.gg/rQV5JPauY7
2026-08-27 13:08:48 [INFO]   \_____|_____/ \_____|
2026-08-27 13:08:48 [INFO]                        
2026-08-27 13:08:48 [INFO] 安全提示：模组 id 白名单模式已开启。此功能会限制不在白名单中的 mod 方块打印，用于降低未知 mod 引入蓝图漏洞的风险。
如果管理员已知晓此安全提示，可使用命令关闭提示：/csc notice whitelistid off
控制模组 id 白名单模式：/csc mode whitelistid on|off
可以打开 config/CSC/config.toml 进行更详细的配置。
2026-08-27 13:14:41 [INFO] CSC 已经安全关闭，感谢使用喵~
2026-08-27 13:15:48 [INFO]    _____  _____  _____ 
2026-08-27 13:15:48 [INFO]   / ____|/ ____|/ ____|
2026-08-27 13:15:48 [INFO]  | |    | (___ | |        [CSC]   版本: v2.27.45
2026-08-27 13:15:48 [INFO]  | |     \___ \| |        Minecraft 版本: 1.21.1 neoforge
2026-08-27 13:15:48 [INFO]  | |____ ____) | |____    问题/反馈: QQ: 1061133894 | Discord: https://discord.gg/rQV5JPauY7
2026-08-27 13:15:48 [INFO]   \_____|_____/ \_____|
2026-08-27 13:15:48 [INFO]                        
2026-08-27 13:15:48 [INFO] 安全提示：模组 id 白名单模式已开启。此功能会限制不在白名单中的 mod 方块打印，用于降低未知 mod 引入蓝图漏洞的风险。
如果管理员已知晓此安全提示，可使用命令关闭提示：/csc notice whitelistid off
控制模组 id 白名单模式：/csc mode whitelistid on|off
可以打开 config/CSC/config.toml 进行更详细的配置。
2026-08-27 13:20:17 [INFO] CSC 已经安全关闭，感谢使用喵~
2026-08-27 13:25:26 [INFO]  加载配置中。。   加载完毕！
